c[?7l[2J[0mSeaBIOS (version 1.17.0-10.fc44)


iPXE (https://ipxe.org) 00:03.0 CA00 PCI2.10 PnP PMM+0EFCBE10+0EF0BE10 CA00
Press Ctrl-B to configure iPXE (PCI 00:03.0)...                                                                               


Booting from Hard Disk...
Boot failed: could not read the boot disk

Booting from Floppy...
Boot failed: could not read the boot disk

Booting from DVD/CD...
[0;30;47mWelcome to GRUB!

[H[J[1;1H[?25l[m[H[J[1;1H[2;32HGRUB version 2.12

[m[4;2H+----------------------------------------------------------------------------+[5;2H|[5;79H|[6;2H|[6;79H|[7;2H|[7;79H|[8;2H|[8;79H|[9;2H|[9;79H|[10;2H|[10;79H|[11;2H|[11;79H|[12;2H|[12;79H|[13;2H|[13;79H|[14;2H|[14;79H|[15;2H|[15;79H|[16;2H|[16;79H|[17;2H+----------------------------------------------------------------------------+[m[18;2H[19;2H[m     Use the ^ and v keys to select which entry is highlighted.          
      Press enter to boot the selected OS, `e' to edit the commands       
      before booting or `c' for a command-line.                           [5;80H [7m[5;3H*OpSys                                                                      [m[5;78H[m[m[6;3H Diagnostics: videoinfo                                                     [m[6;78H[m[m[7;3H                                                                            [m[7;78H[m[m[8;3H                                                                            [m[8;78H[m[m[9;3H                                                                            [m[9;78H[m[m[10;3H                                                                            [m[10;78H[m[m[11;3H                                                                            [m[11;78H[m[m[12;3H                                                                            [m[12;78H[m[m[13;3H                                                                            [m[13;78H[m[m[14;3H                                                                            [m[14;78H[m[m[15;3H                                                                            [m[15;78H[m[m[16;3H                                                                            [m[16;78H[m[16;80H [5;78H[22;1H   The highlighted entry will be executed automatically in 10s.                [5;78H[22;1H   The highlighted entry will be executed automatically in 9s.                 [5;78H[22;1H   The highlighted entry will be executed automatically in 8s.                 [5;78H[22;1H   The highlighted entry will be executed automatically in 7s.                 [5;78H[22;1H   The highlighted entry will be executed automatically in 6s.                 [5;78H[22;1H   The highlighted entry will be executed automatically in 5s.                 [5;78H[22;1H   The highlighted entry will be executed automatically in 4s.                 [5;78H[22;1H   The highlighted entry will be executed automatically in 3s.                 [5;78H[22;1H   The highlighted entry will be executed automatically in 2s.                 [5;78H[22;1H   The highlighted entry will be executed automatically in 1s.                 [5;78H[22;1H   The highlighted entry will be executed automatically in 0s.                 [5;78H[?25h[H[J[1;1H[H[J[1;1H  Booting `OpSys'

AEAX=36D76289
BCD0:04CAD003 00000000
B:04CAD003 00000000
P:04CAE003 00000000
D:00000083 00000000
EF12GOpSys kernel starting...
  ASLR: RNG seeded, canary=0xe6460f00
  multiboot2 info at physical 0x4cbf7f0
  kernel phys base: 0x100000
  GDT initialized
  IDT initialized
PIT: Channel 0 at 100 Hz (divisor=11931)
PMM: Initializing...
PMM: Memory: 0xffe0000 bytes, 0xffe0 pages
PMM: bitmap: words=1024 bytes=8192 pages=2
PMM: Free: 0xb3bc pages (179 MB)
PMM: Initialized
  PMM initialized
VMM: Initializing...
VMM: Kernel PML4 at 0x4cac000
VMM: Initialized
  VMM initialized
  FB: 1024x768 32bpp @ phys 0xfd000000 (pitch=4096) (linear framebuffer)
  FB: initialized
  Scheduler initialized
  Threads initialized
  Capabilities initialized
  IPC initialized
  Mutexes initialized
  Syscalls initialized
  Creating init process...
VMM: Created addr space, PML4 at 0x9000, stack_base=0xbfc00000
  Process subsystem initialized
  Init process created (PID 1), heap_base=0x759c0000
  Loading init ELF...
  ELF: entry=0x400000, phnum=6
  ELF: init loaded successfully, entry=0x400000
  ELF loaded, entry=0x400000
  Mapping user stack...
  vmm_map(0xcf56000) -> phys 0x37000 OK
  TSS.RSP0 = 0xffff80000003a000 (syscall kernel stack)
  PIT disabled for user transition
  All IRQs masked
  Scheduler knows init_thread is current
  Transitioning to ring 3...
  PIT re-enabled at 100 Hz, IRQs unmasked

init: Starting (PID 1)
=== Syscall Tests ===
  TEST: debug_log (ring3->ring0->ring3) ...   [syscall] debug_log ok
PASS
  TEST: thread_yield (ring3->ring0->ring3) ... PASS
  TEST: ipc_port_create ... (port=1) PASS
  TEST: port_register + port_get ... PASS
  TEST: port_get (nonexistent) ... PASS
  TEST: cap_create ... (cap=257) PASS
  TEST: map_memory ... PASS
  TEST: get_pid ... PASS
  TEST: get_free_pages ... (45951 pages, 179 MB) PASS
  TEST: thread_create (worker) ... (tid=2)   worker[0]: started, PID=1
  worker[0]: free pages=proc: THREAD_EXITED pid=1 tc->1 (not last)
(elapsed=10 ticks) PASS
  TEST: thread_join ...   worker[2]: started, PID=1
  worker[2]: free pages=45933
  worker[2]: done
proc: THREAD_EXITED pid=1 tc->1 (not last)
(tid=3, exit=0) PASS
  TEST: unmap_memory ... PASS
  TEST: heap guard pages ... PASS
  TEST: cap_grant (error paths) ... PASS
  TEST: cap_revoke ... PASS
  TEST: cap expiry (lazy revoke on consume) ... PASS
  TEST: cap quota (consume until revoked) ... PASS
  TEST: cap_revoke_by_atom (atom + scope) ... (revoked=0) PASS
  TEST: ipc_send + ipc_recv ... proc: THREAD_EXITED pid=1 tc->1 (not last)
PASS
  TEST: subject identity + unforgeable sender (ipc_recv_from) ... proc: THREAD_EXITED pid=1 tc->1 (not last)
(subject=%llu) PASS
  TEST: ipc_call (error paths) ... PASS
  TEST: set_affinity ... PASS
  TEST: bench: 100k get_time syscalls ... (100000 calls, 2 ticks, cyc_hi=0 cyc_lo=76845144) PASS
  TEST: bench: 1k solo yields (no switch) ... (1000 yields, 0 ticks, cyc_hi=0 cyc_lo=631253) PASS
  TEST: bench: 1k yield round-trips ... proc: THREAD_EXITED pid=1 tc->1 (not last)
(1000 yields, 0 ticks, cyc_hi=0 cyc_lo=2137784, other_done=1) PASS
  TEST: vspace_alloc (alloc + map + pattern + ERR_INVAL) ... (base=0x40000000, 4 pages) PASS
  TEST: thread_set_ctx (valid + error paths) ... PASS
  TEST: stress: 1000 threads ... proc: THREAD_EXITED pid=1 tc->178 (not last)
proc: THREAD_EXITED pid=1 tc->177 (not last)
proc: THREAD_EXITED pid=1 tc->176 (not last)
proc: THREAD_EXITED pid=1 tc->175 (not last)
proc: THREAD_EXITED pid=1 tc->174 (not last)
proc: THREAD_EXITED pid=1 tc->173 (not last)
proc: THREAD_EXITED pid=1 tc->172 (not last)
proc: THREAD_EXITED pid=1 tc->171 (not last)
proc: THREAD_EXITED pid=1 tc->170 (not last)
proc: THREAD_EXITED pid=1 tc->169 (not last)
proc: THREAD_EXITED pid=1 tc->168 (not last)
proc: THREAD_EXITED pid=1 tc->167 (not last)
proc: THREAD_EXITED pid=1 tc->166 (not last)
proc: THREAD_EXITED pid=1 tc->165 (not last)
proc: THREAD_EXITED pid=1 tc->164 (not last)
proc: THREAD_EXITED pid=1 tc->163 (not last)
proc: THREAD_EXITED pid=1 tc->162 (not last)
proc: THREAD_EXITED pid=1 tc->161 (not last)
proc: THREAD_EXITED pid=1 tc->160 (not last)
proc: THREAD_EXITED pid=1 tc->159 (not last)
proc: THREAD_EXITED pid=1 tc->158 (not last)
proc: THREAD_EXITED pid=1 tc->157 (not last)
proc: THREAD_EXITED pid=1 tc->156 (not last)
proc: THREAD_EXITED pid=1 tc->155 (not last)
proc: THREAD_EXITED pid=1 tc->154 (not last)
proc: THREAD_EXITED pid=1 tc->153 (not last)
proc: THREAD_EXITED pid=1 tc->152 (not last)
proc: THREAD_EXITED pid=1 tc->151 (not last)
proc: THREAD_EXITED pid=1 tc->150 (not last)
proc: THREAD_EXITED pid=1 tc->149 (not last)
proc: THREAD_EXITED pid=1 tc->148 (not last)
proc: THREAD_EXITED pid=1 tc->147 (not last)
proc: THREAD_EXITED pid=1 tc->146 (not last)
proc: THREAD_EXITED pid=1 tc->145 (not last)
proc: THREAD_EXITED pid=1 tc->144 (not last)
proc: THREAD_EXITED pid=1 tc->143 (not last)
proc: THREAD_EXITED pid=1 tc->142 (not last)
proc: THREAD_EXITED pid=1 tc->141 (not last)
proc: THREAD_EXITED pid=1 tc->140 (not last)
proc: THREAD_EXITED pid=1 tc->139 (not last)
proc: THREAD_EXITED pid=1 tc->138 (not last)
proc: THREAD_EXITED pid=1 tc->137 (not last)
proc: THREAD_EXITED pid=1 tc->136 (not last)
proc: THREAD_EXITED pid=1 tc->135 (not last)
proc: THREAD_EXITED pid=1 tc->134 (not last)
proc: THREAD_EXITED pid=1 tc->133 (not last)
proc: THREAD_EXITED pid=1 tc->132 (not last)
proc: THREAD_EXITED pid=1 tc->131 (not last)
proc: THREAD_EXITED pid=1 tc->130 (not last)
proc: THREAD_EXITED pid=1 tc->129 (not last)
proc: THREAD_EXITED pid=1 tc->128 (not last)
proc: THREAD_EXITED pid=1 tc->127 (not last)
proc: THREAD_EXITED pid=1 tc->126 (not last)
proc: THREAD_EXITED pid=1 tc->125 (not last)
proc: THREAD_EXITED pid=1 tc->124 (not last)
proc: THREAD_EXITED pid=1 tc->123 (not last)
proc: THREAD_EXITED pid=1 tc->122 (not last)
proc: THREAD_EXITED pid=1 tc->121 (not last)
proc: THREAD_EXITED pid=1 tc->120 (not last)
proc: THREAD_EXITED pid=1 tc->119 (not last)
proc: THREAD_EXITED pid=1 tc->118 (not last)
proc: THREAD_EXITED pid=1 tc->117 (not last)
proc: THREAD_EXITED pid=1 tc->116 (not last)
proc: THREAD_EXITED pid=1 tc->115 (not last)
proc: THREAD_EXITED pid=1 tc->114 (not last)
proc: THREAD_EXITED pid=1 tc->113 (not last)
proc: THREAD_EXITED pid=1 tc->112 (not last)
proc: THREAD_EXITED pid=1 tc->111 (not last)
proc: THREAD_EXITED pid=1 tc->110 (not last)
proc: THREAD_EXITED pid=1 tc->109 (not last)
proc: THREAD_EXITED pid=1 tc->108 (not last)
proc: THREAD_EXITED pid=1 tc->107 (not last)
proc: THREAD_EXITED pid=1 tc->106 (not last)
proc: THREAD_EXITED pid=1 tc->105 (not last)
proc: THREAD_EXITED pid=1 tc->104 (not last)
proc: THREAD_EXITED pid=1 tc->103 (not last)
proc: THREAD_EXITED pid=1 tc->102 (not last)
proc: THREAD_EXITED pid=1 tc->101 (not last)
proc: THREAD_EXITED pid=1 tc->100 (not last)
proc: THREAD_EXITED pid=1 tc->99 (not last)
proc: THREAD_EXITED pid=1 tc->98 (not last)
proc: THREAD_EXITED pid=1 tc->97 (not last)
proc: THREAD_EXITED pid=1 tc->96 (not last)
proc: THREAD_EXITED pid=1 tc->95 (not last)
proc: THREAD_EXITED pid=1 tc->94 (not last)
proc: THREAD_EXITED pid=1 tc->93 (not last)
proc: THREAD_EXITED pid=1 tc->92 (not last)
proc: THREAD_EXITED pid=1 tc->91 (not last)
proc: THREAD_EXITED pid=1 tc->90 (not last)
proc: THREAD_EXITED pid=1 tc->89 (not last)
proc: THREAD_EXITED pid=1 tc->88 (not last)
proc: THREAD_EXITED pid=1 tc->87 (not last)
proc: THREAD_EXITED pid=1 tc->86 (not last)
proc: THREAD_EXITED pid=1 tc->85 (not last)
proc: THREAD_EXITED pid=1 tc->84 (not last)
proc: THREAD_EXITED pid=1 tc->83 (not last)
proc: THREAD_EXITED pid=1 tc->82 (not last)
proc: THREAD_EXITED pid=1 tc->81 (not last)
proc: THREAD_EXITED pid=1 tc->80 (not last)
proc: THREAD_EXITED pid=1 tc->79 (not last)
proc: THREAD_EXITED pid=1 tc->78 (not last)
proc: THREAD_EXITED pid=1 tc->77 (not last)
proc: THREAD_EXITED pid=1 tc->76 (not last)
proc: THREAD_EXITED pid=1 tc->75 (not last)
proc: THREAD_EXITED pid=1 tc->74 (not last)
proc: THREAD_EXITED pid=1 tc->73 (not last)
proc: THREAD_EXITED pid=1 tc->72 (not last)
proc: THREAD_EXITED pid=1 tc->71 (not last)
proc: THREAD_EXITED pid=1 tc->70 (not last)
proc: THREAD_EXITED pid=1 tc->69 (not last)
proc: THREAD_EXITED pid=1 tc->68 (not last)
proc: THREAD_EXITED pid=1 tc->67 (not last)
proc: THREAD_EXITED pid=1 tc->66 (not last)
proc: THREAD_EXITED pid=1 tc->65 (not last)
proc: THREAD_EXITED pid=1 tc->64 (not last)
proc: THREAD_EXITED pid=1 tc->63 (not last)
proc: THREAD_EXITED pid=1 tc->62 (not last)
proc: THREAD_EXITED pid=1 tc->61 (not last)
proc: THREAD_EXITED pid=1 tc->60 (not last)
proc: THREAD_EXITED pid=1 tc->59 (not last)
proc: THREAD_EXITED pid=1 tc->58 (not last)
proc: THREAD_EXITED pid=1 tc->57 (not last)
proc: THREAD_EXITED pid=1 tc->56 (not last)
proc: THREAD_EXITED pid=1 tc->55 (not last)
proc: THREAD_EXITED pid=1 tc->54 (not last)
proc: THREAD_EXITED pid=1 tc->53 (not last)
proc: THREAD_EXITED pid=1 tc->52 (not last)
proc: THREAD_EXITED pid=1 tc->51 (not last)
proc: THREAD_EXITED pid=1 tc->50 (not last)
proc: THREAD_EXITED pid=1 tc->49 (not last)
proc: THREAD_EXITED pid=1 tc->48 (not last)
proc: THREAD_EXITED pid=1 tc->47 (not last)
proc: THREAD_EXITED pid=1 tc->46 (not last)
proc: THREAD_EXITED pid=1 tc->45 (not last)
proc: THREAD_EXITED pid=1 tc->44 (not last)
proc: THREAD_EXITED pid=1 tc->43 (not last)
proc: THREAD_EXITED pid=1 tc->42 (not last)
proc: THREAD_EXITED pid=1 tc->41 (not last)
proc: THREAD_EXITED pid=1 tc->40 (not last)
proc: THREAD_EXITED pid=1 tc->39 (not last)
proc: THREAD_EXITED pid=1 tc->38 (not last)
proc: THREAD_EXITED pid=1 tc->37 (not last)
proc: THREAD_EXITED pid=1 tc->36 (not last)
proc: THREAD_EXITED pid=1 tc->35 (not last)
proc: THREAD_EXITED pid=1 tc->34 (not last)
proc: THREAD_EXITED pid=1 tc->33 (not last)
proc: THREAD_EXITED pid=1 tc->32 (not last)
proc: THREAD_EXITED pid=1 tc->31 (not last)
proc: THREAD_EXITED pid=1 tc->30 (not last)
proc: THREAD_EXITED pid=1 tc->29 (not last)
proc: THREAD_EXITED pid=1 tc->28 (not last)
proc: THREAD_EXITED pid=1 tc->27 (not last)
proc: THREAD_EXITED pid=1 tc->26 (not last)
proc: THREAD_EXITED pid=1 tc->25 (not last)
proc: THREAD_EXITED pid=1 tc->24 (not last)
proc: THREAD_EXITED pid=1 tc->23 (not last)
proc: THREAD_EXITED pid=1 tc->22 (not last)
proc: THREAD_EXITED pid=1 tc->21 (not last)
proc: THREAD_EXITED pid=1 tc->20 (not last)
proc: THREAD_EXITED pid=1 tc->19 (not last)
proc: THREAD_EXITED pid=1 tc->18 (not last)
proc: THREAD_EXITED pid=1 tc->17 (not last)
proc: THREAD_EXITED pid=1 tc->16 (not last)
proc: THREAD_EXITED pid=1 tc->15 (not last)
proc: THREAD_EXITED pid=1 tc->14 (not last)
proc: THREAD_EXITED pid=1 tc->13 (not last)
proc: THREAD_EXITED pid=1 tc->12 (not last)
proc: THREAD_EXITED pid=1 tc->11 (not last)
proc: THREAD_EXITED pid=1 tc->10 (not last)
proc: THREAD_EXITED pid=1 tc->9 (not last)
proc: THREAD_EXITED pid=1 tc->8 (not last)
proc: THREAD_EXITED pid=1 tc->7 (not last)
proc: THREAD_EXITED pid=1 tc->6 (not last)
proc: THREAD_EXITED pid=1 tc->5 (not last)
proc: THREAD_EXITED pid=1 tc->4 (not last)
proc: THREAD_EXITED pid=1 tc->3 (not last)
proc: THREAD_EXITED pid=1 tc->2 (not last)
proc: THREAD_EXITED pid=1 tc->1 (not last)
proc: THREAD_EXITED pid=1 tc->131 (not last)
proc: THREAD_EXITED pid=1 tc->130 (not last)
proc: THREAD_EXITED pid=1 tc->129 (not last)
proc: THREAD_EXITED pid=1 tc->128 (not last)
proc: THREAD_EXITED pid=1 tc->127 (not last)
proc: THREAD_EXITED pid=1 tc->126 (not last)
proc: THREAD_EXITED pid=1 tc->125 (not last)
proc: THREAD_EXITED pid=1 tc->124 (not last)
proc: THREAD_EXITED pid=1 tc->123 (not last)
proc: THREAD_EXITED pid=1 tc->122 (not last)
proc: THREAD_EXITED pid=1 tc->121 (not last)
proc: THREAD_EXITED pid=1 tc->120 (not last)
proc: THREAD_EXITED pid=1 tc->119 (not last)
proc: THREAD_EXITED pid=1 tc->118 (not last)
proc: THREAD_EXITED pid=1 tc->117 (not last)
proc: THREAD_EXITED pid=1 tc->116 (not last)
proc: THREAD_EXITED pid=1 tc->115 (not last)
proc: THREAD_EXITED pid=1 tc->114 (not last)
proc: THREAD_EXITED pid=1 tc->113 (not last)
proc: THREAD_EXITED pid=1 tc->112 (not last)
proc: THREAD_EXITED pid=1 tc->111 (not last)
proc: THREAD_EXITED pid=1 tc->110 (not last)
proc: THREAD_EXITED pid=1 tc->109 (not last)
proc: THREAD_EXITED pid=1 tc->108 (not last)
proc: THREAD_EXITED pid=1 tc->107 (not last)
proc: THREAD_EXITED pid=1 tc->106 (not last)
proc: THREAD_EXITED pid=1 tc->105 (not last)
proc: THREAD_EXITED pid=1 tc->104 (not last)
proc: THREAD_EXITED pid=1 tc->103 (not last)
proc: THREAD_EXITED pid=1 tc->102 (not last)
proc: THREAD_EXITED pid=1 tc->101 (not last)
proc: THREAD_EXITED pid=1 tc->100 (not last)
proc: THREAD_EXITED pid=1 tc->99 (not last)
proc: THREAD_EXITED pid=1 tc->98 (not last)
proc: THREAD_EXITED pid=1 tc->97 (not last)
proc: THREAD_EXITED pid=1 tc->96 (not last)
proc: THREAD_EXITED pid=1 tc->95 (not last)
proc: THREAD_EXITED pid=1 tc->94 (not last)
proc: THREAD_EXITED pid=1 tc->93 (not last)
proc: THREAD_EXITED pid=1 tc->92 (not last)
proc: THREAD_EXITED pid=1 tc->91 (not last)
proc: THREAD_EXITED pid=1 tc->90 (not last)
proc: THREAD_EXITED pid=1 tc->89 (not last)
proc: THREAD_EXITED pid=1 tc->88 (not last)
proc: THREAD_EXITED pid=1 tc->87 (not last)
proc: THREAD_EXITED pid=1 tc->86 (not last)
proc: THREAD_EXITED pid=1 tc->85 (not last)
proc: THREAD_EXITED pid=1 tc->84 (not last)
proc: THREAD_EXITED pid=1 tc->83 (not last)
proc: THREAD_EXITED pid=1 tc->82 (not last)
proc: THREAD_EXITED pid=1 tc->81 (not last)
proc: THREAD_EXITED pid=1 tc->80 (not last)
proc: THREAD_EXITED pid=1 tc->79 (not last)
proc: THREAD_EXITED pid=1 tc->78 (not last)
proc: THREAD_EXITED pid=1 tc->77 (not last)
proc: THREAD_EXITED pid=1 tc->76 (not last)
proc: THREAD_EXITED pid=1 tc->75 (not last)
proc: THREAD_EXITED pid=1 tc->74 (not last)
proc: THREAD_EXITED pid=1 tc->73 (not last)
proc: THREAD_EXITED pid=1 tc->72 (not last)
proc: THREAD_EXITED pid=1 tc->71 (not last)
proc: THREAD_EXITED pid=1 tc->70 (not last)
proc: THREAD_EXITED pid=1 tc->69 (not last)
proc: THREAD_EXITED pid=1 tc->68 (not last)
proc: THREAD_EXITED pid=1 tc->67 (not last)
proc: THREAD_EXITED pid=1 tc->66 (not last)
proc: THREAD_EXITED pid=1 tc->65 (not last)
proc: THREAD_EXITED pid=1 tc->64 (not last)
proc: THREAD_EXITED pid=1 tc->63 (not last)
proc: THREAD_EXITED pid=1 tc->62 (not last)
proc: THREAD_EXITED pid=1 tc->61 (not last)
proc: THREAD_EXITED pid=1 tc->60 (not last)
proc: THREAD_EXITED pid=1 tc->59 (not last)
proc: THREAD_EXITED pid=1 tc->58 (not last)
proc: THREAD_EXITED pid=1 tc->57 (not last)
proc: THREAD_EXITED pid=1 tc->56 (not last)
proc: THREAD_EXITED pid=1 tc->55 (not last)
proc: THREAD_EXITED pid=1 tc->54 (not last)
proc: THREAD_EXITED pid=1 tc->53 (not last)
proc: THREAD_EXITED pid=1 tc->52 (not last)
proc: THREAD_EXITED pid=1 tc->51 (not last)
proc: THREAD_EXITED pid=1 tc->50 (not last)
proc: THREAD_EXITED pid=1 tc->49 (not last)
proc: THREAD_EXITED pid=1 tc->48 (not last)
proc: THREAD_EXITED pid=1 tc->47 (not last)
proc: THREAD_EXITED pid=1 tc->46 (not last)
proc: THREAD_EXITED pid=1 tc->45 (not last)
proc: THREAD_EXITED pid=1 tc->44 (not last)
proc: THREAD_EXITED pid=1 tc->43 (not last)
proc: THREAD_EXITED pid=1 tc->42 (not last)
proc: THREAD_EXITED pid=1 tc->41 (not last)
proc: THREAD_EXITED pid=1 tc->40 (not last)
proc: THREAD_EXITED pid=1 tc->39 (not last)
proc: THREAD_EXITED pid=1 tc->38 (not last)
proc: THREAD_EXITED pid=1 tc->37 (not last)
proc: THREAD_EXITED pid=1 tc->36 (not last)
proc: THREAD_EXITED pid=1 tc->35 (not last)
proc: THREAD_EXITED pid=1 tc->34 (not last)
proc: THREAD_EXITED pid=1 tc->33 (not last)
proc: THREAD_EXITED pid=1 tc->32 (not last)
proc: THREAD_EXITED pid=1 tc->31 (not last)
proc: THREAD_EXITED pid=1 tc->30 (not last)
proc: THREAD_EXITED pid=1 tc->29 (not last)
proc: THREAD_EXITED pid=1 tc->28 (not last)
proc: THREAD_EXITED pid=1 tc->27 (not last)
proc: THREAD_EXITED pid=1 tc->26 (not last)
proc: THREAD_EXITED pid=1 tc->25 (not last)
proc: THREAD_EXITED pid=1 tc->24 (not last)
proc: THREAD_EXITED pid=1 tc->23 (not last)
proc: THREAD_EXITED pid=1 tc->22 (not last)
proc: THREAD_EXITED pid=1 tc->21 (not last)
proc: THREAD_EXITED pid=1 tc->20 (not last)
proc: THREAD_EXITED pid=1 tc->19 (not last)
proc: THREAD_EXITED pid=1 tc->18 (not last)
proc: THREAD_EXITED pid=1 tc->17 (not last)
proc: THREAD_EXITED pid=1 tc->16 (not last)
proc: THREAD_EXITED pid=1 tc->15 (not last)
proc: THREAD_EXITED pid=1 tc->14 (not last)
proc: THREAD_EXITED pid=1 tc->13 (not last)
proc: THREAD_EXITED pid=1 tc->12 (not last)
proc: THREAD_EXITED pid=1 tc->11 (not last)
proc: THREAD_EXITED pid=1 tc->10 (not last)
proc: THREAD_EXITED pid=1 tc->9 (not last)
proc: THREAD_EXITED pid=1 tc->8 (not last)
proc: THREAD_EXITED pid=1 tc->7 (not last)
proc: THREAD_EXITED pid=1 tc->6 (not last)
proc: THREAD_EXITED pid=1 tc->5 (not last)
proc: THREAD_EXITED pid=1 tc->4 (not last)
proc: THREAD_EXITED pid=1 tc->3 (not last)
proc: THREAD_EXITED pid=1 tc->2 (not last)
proc: THREAD_EXITED pid=1 tc->1 (not last)
proc: THREAD_EXITED pid=1 tc->255 (not last)
proc: THREAD_EXITED pid=1 tc->254 (not last)
proc: THREAD_EXITED pid=1 tc->253 (not last)
proc: THREAD_EXITED pid=1 tc->252 (not last)
proc: THREAD_EXITED pid=1 tc->251 (not last)
proc: THREAD_EXITED pid=1 tc->250 (not last)
proc: THREAD_EXITED pid=1 tc->249 (not last)
proc: THREAD_EXITED pid=1 tc->248 (not last)
proc: THREAD_EXITED pid=1 tc->247 (not last)
proc: THREAD_EXITED pid=1 tc->246 (not last)
proc: THREAD_EXITED pid=1 tc->245 (not last)
proc: THREAD_EXITED pid=1 tc->244 (not last)
proc: THREAD_EXITED pid=1 tc->243 (not last)
proc: THREAD_EXITED pid=1 tc->242 (not last)
proc: THREAD_EXITED pid=1 tc->241 (not last)
proc: THREAD_EXITED pid=1 tc->240 (not last)
proc: THREAD_EXITED pid=1 tc->239 (not last)
proc: THREAD_EXITED pid=1 tc->238 (not last)
proc: THREAD_EXITED pid=1 tc->237 (not last)
proc: THREAD_EXITED pid=1 tc->236 (not last)
proc: THREAD_EXITED pid=1 tc->235 (not last)
proc: THREAD_EXITED pid=1 tc->234 (not last)
proc: THREAD_EXITED pid=1 tc->233 (not last)
proc: THREAD_EXITED pid=1 tc->232 (not last)
proc: THREAD_EXITED pid=1 tc->231 (not last)
proc: THREAD_EXITED pid=1 tc->230 (not last)
proc: THREAD_EXITED pid=1 tc->229 (not last)
proc: THREAD_EXITED pid=1 tc->228 (not last)
proc: THREAD_EXITED pid=1 tc->227 (not last)
proc: THREAD_EXITED pid=1 tc->226 (not last)
proc: THREAD_EXITED pid=1 tc->225 (not last)
proc: THREAD_EXITED pid=1 tc->224 (not last)
proc: THREAD_EXITED pid=1 tc->223 (not last)
proc: THREAD_EXITED pid=1 tc->222 (not last)
proc: THREAD_EXITED pid=1 tc->221 (not last)
proc: THREAD_EXITED pid=1 tc->220 (not last)
proc: THREAD_EXITED pid=1 tc->219 (not last)
proc: THREAD_EXITED pid=1 tc->218 (not last)
proc: THREAD_EXITED pid=1 tc->217 (not last)
proc: THREAD_EXITED pid=1 tc->216 (not last)
proc: THREAD_EXITED pid=1 tc->215 (not last)
proc: THREAD_EXITED pid=1 tc->214 (not last)
proc: THREAD_EXITED pid=1 tc->213 (not last)
proc: THREAD_EXITED pid=1 tc->212 (not last)
proc: THREAD_EXITED pid=1 tc->211 (not last)
proc: THREAD_EXITED pid=1 tc->210 (not last)
proc: THREAD_EXITED pid=1 tc->209 (not last)
proc: THREAD_EXITED pid=1 tc->208 (not last)
proc: THREAD_EXITED pid=1 tc->207 (not last)
proc: THREAD_EXITED pid=1 tc->206 (not last)
proc: THREAD_EXITED pid=1 tc->205 (not last)
proc: THREAD_EXITED pid=1 tc->204 (not last)
proc: THREAD_EXITED pid=1 tc->203 (not last)
proc: THREAD_EXITED pid=1 tc->202 (not last)
proc: THREAD_EXITED pid=1 tc->201 (not last)
proc: THREAD_EXITED pid=1 tc->200 (not last)
proc: THREAD_EXITED pid=1 tc->199 (not last)
proc: THREAD_EXITED pid=1 tc->198 (not last)
proc: THREAD_EXITED pid=1 tc->197 (not last)
proc: THREAD_EXITED pid=1 tc->196 (not last)
proc: THREAD_EXITED pid=1 tc->195 (not last)
proc: THREAD_EXITED pid=1 tc->194 (not last)
proc: THREAD_EXITED pid=1 tc->193 (not last)
proc: THREAD_EXITED pid=1 tc->192 (not last)
proc: THREAD_EXITED pid=1 tc->191 (not last)
proc: THREAD_EXITED pid=1 tc->190 (not last)
proc: THREAD_EXITED pid=1 tc->189 (not last)
proc: THREAD_EXITED pid=1 tc->188 (not last)
proc: THREAD_EXITED pid=1 tc->187 (not last)
proc: THREAD_EXITED pid=1 tc->186 (not last)
proc: THREAD_EXITED pid=1 tc->185 (not last)
proc: THREAD_EXITED pid=1 tc->184 (not last)
proc: THREAD_EXITED pid=1 tc->183 (not last)
proc: THREAD_EXITED pid=1 tc->182 (not last)
proc: THREAD_EXITED pid=1 tc->181 (not last)
proc: THREAD_EXITED pid=1 tc->180 (not last)
proc: THREAD_EXITED pid=1 tc->179 (not last)
proc: THREAD_EXITED pid=1 tc->178 (not last)
proc: THREAD_EXITED pid=1 tc->177 (not last)
proc: THREAD_EXITED pid=1 tc->176 (not last)
proc: THREAD_EXITED pid=1 tc->175 (not last)
proc: THREAD_EXITED pid=1 tc->174 (not last)
proc: THREAD_EXITED pid=1 tc->173 (not last)
proc: THREAD_EXITED pid=1 tc->172 (not last)
proc: THREAD_EXITED pid=1 tc->171 (not last)
proc: THREAD_EXITED pid=1 tc->170 (not last)
proc: THREAD_EXITED pid=1 tc->169 (not last)
proc: THREAD_EXITED pid=1 tc->168 (not last)
proc: THREAD_EXITED pid=1 tc->167 (not last)
proc: THREAD_EXITED pid=1 tc->166 (not last)
proc: THREAD_EXITED pid=1 tc->165 (not last)
proc: THREAD_EXITED pid=1 tc->164 (not last)
proc: THREAD_EXITED pid=1 tc->163 (not last)
proc: THREAD_EXITED pid=1 tc->162 (not last)
proc: THREAD_EXITED pid=1 tc->161 (not last)
proc: THREAD_EXITED pid=1 tc->160 (not last)
proc: THREAD_EXITED pid=1 tc->159 (not last)
proc: THREAD_EXITED pid=1 tc->158 (not last)
proc: THREAD_EXITED pid=1 tc->157 (not last)
proc: THREAD_EXITED pid=1 tc->156 (not last)
proc: THREAD_EXITED pid=1 tc->155 (not last)
proc: THREAD_EXITED pid=1 tc->154 (not last)
proc: THREAD_EXITED pid=1 tc->153 (not last)
proc: THREAD_EXITED pid=1 tc->152 (not last)
proc: THREAD_EXITED pid=1 tc->151 (not last)
proc: THREAD_EXITED pid=1 tc->150 (not last)
proc: THREAD_EXITED pid=1 tc->149 (not last)
proc: THREAD_EXITED pid=1 tc->148 (not last)
proc: THREAD_EXITED pid=1 tc->147 (not last)
proc: THREAD_EXITED pid=1 tc->146 (not last)
proc: THREAD_EXITED pid=1 tc->145 (not last)
proc: THREAD_EXITED pid=1 tc->144 (not last)
proc: THREAD_EXITED pid=1 tc->143 (not last)
proc: THREAD_EXITED pid=1 tc->142 (not last)
proc: THREAD_EXITED pid=1 tc->141 (not last)
proc: THREAD_EXITED pid=1 tc->140 (not last)
proc: THREAD_EXITED pid=1 tc->139 (not last)
proc: THREAD_EXITED pid=1 tc->138 (not last)
proc: THREAD_EXITED pid=1 tc->137 (not last)
proc: THREAD_EXITED pid=1 tc->136 (not last)
proc: THREAD_EXITED pid=1 tc->135 (not last)
proc: THREAD_EXITED pid=1 tc->134 (not last)
proc: THREAD_EXITED pid=1 tc->133 (not last)
proc: THREAD_EXITED pid=1 tc->132 (not last)
proc: THREAD_EXITED pid=1 tc->131 (not last)
proc: THREAD_EXITED pid=1 tc->130 (not last)
proc: THREAD_EXITED pid=1 tc->129 (not last)
proc: THREAD_EXITED pid=1 tc->128 (not last)
proc: THREAD_EXITED pid=1 tc->127 (not last)
proc: THREAD_EXITED pid=1 tc->126 (not last)
proc: THREAD_EXITED pid=1 tc->125 (not last)
proc: THREAD_EXITED pid=1 tc->124 (not last)
proc: THREAD_EXITED pid=1 tc->123 (not last)
proc: THREAD_EXITED pid=1 tc->122 (not last)
proc: THREAD_EXITED pid=1 tc->121 (not last)
proc: THREAD_EXITED pid=1 tc->120 (not last)
proc: THREAD_EXITED pid=1 tc->119 (not last)
proc: THREAD_EXITED pid=1 tc->118 (not last)
proc: THREAD_EXITED pid=1 tc->117 (not last)
proc: THREAD_EXITED pid=1 tc->116 (not last)
proc: THREAD_EXITED pid=1 tc->115 (not last)
proc: THREAD_EXITED pid=1 tc->114 (not last)
proc: THREAD_EXITED pid=1 tc->113 (not last)
proc: THREAD_EXITED pid=1 tc->112 (not last)
proc: THREAD_EXITED pid=1 tc->111 (not last)
proc: THREAD_EXITED pid=1 tc->110 (not last)
proc: THREAD_EXITED pid=1 tc->109 (not last)
proc: THREAD_EXITED pid=1 tc->108 (not last)
proc: THREAD_EXITED pid=1 tc->107 (not last)
proc: THREAD_EXITED pid=1 tc->106 (not last)
proc: THREAD_EXITED pid=1 tc->105 (not last)
proc: THREAD_EXITED pid=1 tc->104 (not last)
proc: THREAD_EXITED pid=1 tc->103 (not last)
proc: THREAD_EXITED pid=1 tc->102 (not last)
proc: THREAD_EXITED pid=1 tc->101 (not last)
proc: THREAD_EXITED pid=1 tc->100 (not last)
proc: THREAD_EXITED pid=1 tc->99 (not last)
proc: THREAD_EXITED pid=1 tc->98 (not last)
proc: THREAD_EXITED pid=1 tc->97 (not last)
proc: THREAD_EXITED pid=1 tc->96 (not last)
proc: THREAD_EXITED pid=1 tc->95 (not last)
proc: THREAD_EXITED pid=1 tc->94 (not last)
proc: THREAD_EXITED pid=1 tc->93 (not last)
proc: THREAD_EXITED pid=1 tc->92 (not last)
proc: THREAD_EXITED pid=1 tc->91 (not last)
proc: THREAD_EXITED pid=1 tc->90 (not last)
proc: THREAD_EXITED pid=1 tc->89 (not last)
proc: THREAD_EXITED pid=1 tc->88 (not last)
proc: THREAD_EXITED pid=1 tc->87 (not last)
proc: THREAD_EXITED pid=1 tc->86 (not last)
proc: THREAD_EXITED pid=1 tc->85 (not last)
proc: THREAD_EXITED pid=1 tc->84 (not last)
proc: THREAD_EXITED pid=1 tc->83 (not last)
proc: THREAD_EXITED pid=1 tc->82 (not last)
proc: THREAD_EXITED pid=1 tc->81 (not last)
proc: THREAD_EXITED pid=1 tc->80 (not last)
proc: THREAD_EXITED pid=1 tc->79 (not last)
proc: THREAD_EXITED pid=1 tc->78 (not last)
proc: THREAD_EXITED pid=1 tc->77 (not last)
proc: THREAD_EXITED pid=1 tc->76 (not last)
proc: THREAD_EXITED pid=1 tc->75 (not last)
proc: THREAD_EXITED pid=1 tc->74 (not last)
proc: THREAD_EXITED pid=1 tc->73 (not last)
proc: THREAD_EXITED pid=1 tc->72 (not last)
proc: THREAD_EXITED pid=1 tc->71 (not last)
proc: THREAD_EXITED pid=1 tc->70 (not last)
proc: THREAD_EXITED pid=1 tc->69 (not last)
proc: THREAD_EXITED pid=1 tc->68 (not last)
proc: THREAD_EXITED pid=1 tc->67 (not last)
proc: THREAD_EXITED pid=1 tc->66 (not last)
proc: THREAD_EXITED pid=1 tc->65 (not last)
proc: THREAD_EXITED pid=1 tc->64 (not last)
proc: THREAD_EXITED pid=1 tc->63 (not last)
proc: THREAD_EXITED pid=1 tc->62 (not last)
proc: THREAD_EXITED pid=1 tc->61 (not last)
proc: THREAD_EXITED pid=1 tc->60 (not last)
proc: THREAD_EXITED pid=1 tc->59 (not last)
proc: THREAD_EXITED pid=1 tc->58 (not last)
proc: THREAD_EXITED pid=1 tc->57 (not last)
proc: THREAD_EXITED pid=1 tc->56 (not last)
proc: THREAD_EXITED pid=1 tc->55 (not last)
proc: THREAD_EXITED pid=1 tc->54 (not last)
proc: THREAD_EXITED pid=1 tc->53 (not last)
proc: THREAD_EXITED pid=1 tc->52 (not last)
proc: THREAD_EXITED pid=1 tc->51 (not last)
proc: THREAD_EXITED pid=1 tc->50 (not last)
proc: THREAD_EXITED pid=1 tc->49 (not last)
proc: THREAD_EXITED pid=1 tc->48 (not last)
proc: THREAD_EXITED pid=1 tc->47 (not last)
proc: THREAD_EXITED pid=1 tc->46 (not last)
proc: THREAD_EXITED pid=1 tc->45 (not last)
proc: THREAD_EXITED pid=1 tc->44 (not last)
proc: THREAD_EXITED pid=1 tc->43 (not last)
proc: THREAD_EXITED pid=1 tc->42 (not last)
proc: THREAD_EXITED pid=1 tc->41 (not last)
proc: THREAD_EXITED pid=1 tc->40 (not last)
proc: THREAD_EXITED pid=1 tc->39 (not last)
proc: THREAD_EXITED pid=1 tc->38 (not last)
proc: THREAD_EXITED pid=1 tc->37 (not last)
proc: THREAD_EXITED pid=1 tc->36 (not last)
proc: THREAD_EXITED pid=1 tc->35 (not last)
proc: THREAD_EXITED pid=1 tc->34 (not last)
proc: THREAD_EXITED pid=1 tc->33 (not last)
proc: THREAD_EXITED pid=1 tc->32 (not last)
proc: THREAD_EXITED pid=1 tc->31 (not last)
proc: THREAD_EXITED pid=1 tc->30 (not last)
proc: THREAD_EXITED pid=1 tc->29 (not last)
proc: THREAD_EXITED pid=1 tc->28 (not last)
proc: THREAD_EXITED pid=1 tc->27 (not last)
proc: THREAD_EXITED pid=1 tc->26 (not last)
proc: THREAD_EXITED pid=1 tc->25 (not last)
proc: THREAD_EXITED pid=1 tc->24 (not last)
proc: THREAD_EXITED pid=1 tc->23 (not last)
proc: THREAD_EXITED pid=1 tc->22 (not last)
proc: THREAD_EXITED pid=1 tc->21 (not last)
proc: THREAD_EXITED pid=1 tc->20 (not last)
proc: THREAD_EXITED pid=1 tc->19 (not last)
proc: THREAD_EXITED pid=1 tc->18 (not last)
proc: THREAD_EXITED pid=1 tc->17 (not last)
proc: THREAD_EXITED pid=1 tc->16 (not last)
proc: THREAD_EXITED pid=1 tc->15 (not last)
proc: THREAD_EXITED pid=1 tc->14 (not last)
proc: THREAD_EXITED pid=1 tc->13 (not last)
proc: THREAD_EXITED pid=1 tc->12 (not last)
proc: THREAD_EXITED pid=1 tc->11 (not last)
proc: THREAD_EXITED pid=1 tc->10 (not last)
proc: THREAD_EXITED pid=1 tc->9 (not last)
proc: THREAD_EXITED pid=1 tc->8 (not last)
proc: THREAD_EXITED pid=1 tc->7 (not last)
proc: THREAD_EXITED pid=1 tc->6 (not last)
proc: THREAD_EXITED pid=1 tc->5 (not last)
proc: THREAD_EXITED pid=1 tc->4 (not last)
proc: THREAD_EXITED pid=1 tc->3 (not last)
proc: THREAD_EXITED pid=1 tc->2 (not last)
proc: THREAD_EXITED pid=1 tc->1 (not last)
proc: THREAD_EXITED pid=1 tc->44 (not last)
proc: THREAD_EXITED pid=1 tc->43 (not last)
proc: THREAD_EXITED pid=1 tc->42 (not last)
proc: THREAD_EXITED pid=1 tc->41 (not last)
proc: THREAD_EXITED pid=1 tc->40 (not last)
proc: THREAD_EXITED pid=1 tc->39 (not last)
proc: THREAD_EXITED pid=1 tc->38 (not last)
proc: THREAD_EXITED pid=1 tc->37 (not last)
proc: THREAD_EXITED pid=1 tc->36 (not last)
proc: THREAD_EXITED pid=1 tc->35 (not last)
proc: THREAD_EXITED pid=1 tc->34 (not last)
proc: THREAD_EXITED pid=1 tc->33 (not last)
proc: THREAD_EXITED pid=1 tc->32 (not last)
proc: THREAD_EXITED pid=1 tc->31 (not last)
proc: THREAD_EXITED pid=1 tc->30 (not last)
proc: THREAD_EXITED pid=1 tc->29 (not last)
proc: THREAD_EXITED pid=1 tc->28 (not last)
proc: THREAD_EXITED pid=1 tc->27 (not last)
proc: THREAD_EXITED pid=1 tc->26 (not last)
proc: THREAD_EXITED pid=1 tc->25 (not last)
proc: THREAD_EXITED pid=1 tc->24 (not last)
proc: THREAD_EXITED pid=1 tc->23 (not last)
proc: THREAD_EXITED pid=1 tc->22 (not last)
proc: THREAD_EXITED pid=1 tc->21 (not last)
proc: THREAD_EXITED pid=1 tc->20 (not last)
proc: THREAD_EXITED pid=1 tc->19 (not last)
proc: THREAD_EXITED pid=1 tc->18 (not last)
proc: THREAD_EXITED pid=1 tc->17 (not last)
proc: THREAD_EXITED pid=1 tc->16 (not last)
proc: THREAD_EXITED pid=1 tc->15 (not last)
proc: THREAD_EXITED pid=1 tc->14 (not last)
proc: THREAD_EXITED pid=1 tc->13 (not last)
proc: THREAD_EXITED pid=1 tc->12 (not last)
proc: THREAD_EXITED pid=1 tc->11 (not last)
proc: THREAD_EXITED pid=1 tc->10 (not last)
proc: THREAD_EXITED pid=1 tc->9 (not last)
proc: THREAD_EXITED pid=1 tc->8 (not last)
proc: THREAD_EXITED pid=1 tc->7 (not last)
proc: THREAD_EXITED pid=1 tc->6 (not last)
proc: THREAD_EXITED pid=1 tc->5 (not last)
proc: THREAD_EXITED pid=1 tc->4 (not last)
proc: THREAD_EXITED pid=1 tc->3 (not last)
proc: THREAD_EXITED pid=1 tc->2 (not last)
proc: THREAD_EXITED pid=1 tc->1 (not last)
proc: THREAD_EXITED pid=1 tc->61 (not last)
proc: THREAD_EXITED pid=1 tc->60 (not last)
proc: THREAD_EXITED pid=1 tc->59 (not last)
proc: THREAD_EXITED pid=1 tc->58 (not last)
proc: THREAD_EXITED pid=1 tc->57 (not last)
proc: THREAD_EXITED pid=1 tc->56 (not last)
proc: THREAD_EXITED pid=1 tc->55 (not last)
proc: THREAD_EXITED pid=1 tc->54 (not last)
proc: THREAD_EXITED pid=1 tc->53 (not last)
proc: THREAD_EXITED pid=1 tc->52 (not last)
proc: THREAD_EXITED pid=1 tc->51 (not last)
proc: THREAD_EXITED pid=1 tc->50 (not last)
proc: THREAD_EXITED pid=1 tc->49 (not last)
proc: THREAD_EXITED pid=1 tc->48 (not last)
proc: THREAD_EXITED pid=1 tc->47 (not last)
proc: THREAD_EXITED pid=1 tc->46 (not last)
proc: THREAD_EXITED pid=1 tc->45 (not last)
proc: THREAD_EXITED pid=1 tc->44 (not last)
proc: THREAD_EXITED pid=1 tc->43 (not last)
proc: THREAD_EXITED pid=1 tc->42 (not last)
proc: THREAD_EXITED pid=1 tc->41 (not last)
proc: THREAD_EXITED pid=1 tc->40 (not last)
proc: THREAD_EXITED pid=1 tc->39 (not last)
proc: THREAD_EXITED pid=1 tc->38 (not last)
proc: THREAD_EXITED pid=1 tc->37 (not last)
proc: THREAD_EXITED pid=1 tc->36 (not last)
proc: THREAD_EXITED pid=1 tc->35 (not last)
proc: THREAD_EXITED pid=1 tc->34 (not last)
proc: THREAD_EXITED pid=1 tc->33 (not last)
proc: THREAD_EXITED pid=1 tc->32 (not last)
proc: THREAD_EXITED pid=1 tc->31 (not last)
proc: THREAD_EXITED pid=1 tc->30 (not last)
proc: THREAD_EXITED pid=1 tc->29 (not last)
proc: THREAD_EXITED pid=1 tc->28 (not last)
proc: THREAD_EXITED pid=1 tc->27 (not last)
proc: THREAD_EXITED pid=1 tc->26 (not last)
proc: THREAD_EXITED pid=1 tc->25 (not last)
proc: THREAD_EXITED pid=1 tc->24 (not last)
proc: THREAD_EXITED pid=1 tc->23 (not last)
proc: THREAD_EXITED pid=1 tc->22 (not last)
proc: THREAD_EXITED pid=1 tc->21 (not last)
proc: THREAD_EXITED pid=1 tc->20 (not last)
proc: THREAD_EXITED pid=1 tc->19 (not last)
proc: THREAD_EXITED pid=1 tc->18 (not last)
proc: THREAD_EXITED pid=1 tc->17 (not last)
proc: THREAD_EXITED pid=1 tc->16 (not last)
proc: THREAD_EXITED pid=1 tc->15 (not last)
proc: THREAD_EXITED pid=1 tc->14 (not last)
proc: THREAD_EXITED pid=1 tc->13 (not last)
proc: THREAD_EXITED pid=1 tc->12 (not last)
proc: THREAD_EXITED pid=1 tc->11 (not last)
proc: THREAD_EXITED pid=1 tc->10 (not last)
proc: THREAD_EXITED pid=1 tc->9 (not last)
proc: THREAD_EXITED pid=1 tc->8 (not last)
proc: THREAD_EXITED pid=1 tc->7 (not last)
proc: THREAD_EXITED pid=1 tc->6 (not last)
proc: THREAD_EXITED pid=1 tc->5 (not last)
proc: THREAD_EXITED pid=1 tc->4 (not last)
proc: THREAD_EXITED pid=1 tc->3 (not last)
proc: THREAD_EXITED pid=1 tc->2 (not last)
proc: THREAD_EXITED pid=1 tc->1 (not last)
proc: THREAD_EXITED pid=1 tc->198 (not last)
proc: THREAD_EXITED pid=1 tc->197 (not last)
proc: THREAD_EXITED pid=1 tc->196 (not last)
proc: THREAD_EXITED pid=1 tc->195 (not last)
proc: THREAD_EXITED pid=1 tc->194 (not last)
proc: THREAD_EXITED pid=1 tc->193 (not last)
proc: THREAD_EXITED pid=1 tc->192 (not last)
proc: THREAD_EXITED pid=1 tc->191 (not last)
proc: THREAD_EXITED pid=1 tc->190 (not last)
proc: THREAD_EXITED pid=1 tc->189 (not last)
proc: THREAD_EXITED pid=1 tc->188 (not last)
proc: THREAD_EXITED pid=1 tc->187 (not last)
proc: THREAD_EXITED pid=1 tc->186 (not last)
proc: THREAD_EXITED pid=1 tc->185 (not last)
proc: THREAD_EXITED pid=1 tc->184 (not last)
proc: THREAD_EXITED pid=1 tc->183 (not last)
proc: THREAD_EXITED pid=1 tc->182 (not last)
proc: THREAD_EXITED pid=1 tc->181 (not last)
proc: THREAD_EXITED pid=1 tc->180 (not last)
proc: THREAD_EXITED pid=1 tc->179 (not last)
proc: THREAD_EXITED pid=1 tc->178 (not last)
proc: THREAD_EXITED pid=1 tc->177 (not last)
proc: THREAD_EXITED pid=1 tc->176 (not last)
proc: THREAD_EXITED pid=1 tc->175 (not last)
proc: THREAD_EXITED pid=1 tc->174 (not last)
proc: THREAD_EXITED pid=1 tc->173 (not last)
proc: THREAD_EXITED pid=1 tc->172 (not last)
proc: THREAD_EXITED pid=1 tc->171 (not last)
proc: THREAD_EXITED pid=1 tc->170 (not last)
proc: THREAD_EXITED pid=1 tc->169 (not last)
proc: THREAD_EXITED pid=1 tc->168 (not last)
proc: THREAD_EXITED pid=1 tc->167 (not last)
proc: THREAD_EXITED pid=1 tc->166 (not last)
proc: THREAD_EXITED pid=1 tc->165 (not last)
proc: THREAD_EXITED pid=1 tc->164 (not last)
proc: THREAD_EXITED pid=1 tc->163 (not last)
proc: THREAD_EXITED pid=1 tc->162 (not last)
proc: THREAD_EXITED pid=1 tc->161 (not last)
proc: THREAD_EXITED pid=1 tc->160 (not last)
proc: THREAD_EXITED pid=1 tc->159 (not last)
proc: THREAD_EXITED pid=1 tc->158 (not last)
proc: THREAD_EXITED pid=1 tc->157 (not last)
proc: THREAD_EXITED pid=1 tc->156 (not last)
proc: THREAD_EXITED pid=1 tc->155 (not last)
proc: THREAD_EXITED pid=1 tc->154 (not last)
proc: THREAD_EXITED pid=1 tc->153 (not last)
proc: THREAD_EXITED pid=1 tc->152 (not last)
proc: THREAD_EXITED pid=1 tc->151 (not last)
proc: THREAD_EXITED pid=1 tc->150 (not last)
proc: THREAD_EXITED pid=1 tc->149 (not last)
proc: THREAD_EXITED pid=1 tc->148 (not last)
proc: THREAD_EXITED pid=1 tc->147 (not last)
proc: THREAD_EXITED pid=1 tc->146 (not last)
proc: THREAD_EXITED pid=1 tc->145 (not last)
proc: THREAD_EXITED pid=1 tc->144 (not last)
proc: THREAD_EXITED pid=1 tc->143 (not last)
proc: THREAD_EXITED pid=1 tc->142 (not last)
proc: THREAD_EXITED pid=1 tc->141 (not last)
proc: THREAD_EXITED pid=1 tc->140 (not last)
proc: THREAD_EXITED pid=1 tc->139 (not last)
proc: THREAD_EXITED pid=1 tc->138 (not last)
proc: THREAD_EXITED pid=1 tc->137 (not last)
proc: THREAD_EXITED pid=1 tc->136 (not last)
proc: THREAD_EXITED pid=1 tc->135 (not last)
proc: THREAD_EXITED pid=1 tc->134 (not last)
proc: THREAD_EXITED pid=1 tc->133 (not last)
proc: THREAD_EXITED pid=1 tc->132 (not last)
proc: THREAD_EXITED pid=1 tc->131 (not last)
proc: THREAD_EXITED pid=1 tc->130 (not last)
proc: THREAD_EXITED pid=1 tc->129 (not last)
proc: THREAD_EXITED pid=1 tc->128 (not last)
proc: THREAD_EXITED pid=1 tc->127 (not last)
proc: THREAD_EXITED pid=1 tc->126 (not last)
proc: THREAD_EXITED pid=1 tc->125 (not last)
proc: THREAD_EXITED pid=1 tc->124 (not last)
proc: THREAD_EXITED pid=1 tc->123 (not last)
proc: THREAD_EXITED pid=1 tc->122 (not last)
proc: THREAD_EXITED pid=1 tc->121 (not last)
proc: THREAD_EXITED pid=1 tc->120 (not last)
proc: THREAD_EXITED pid=1 tc->119 (not last)
proc: THREAD_EXITED pid=1 tc->118 (not last)
proc: THREAD_EXITED pid=1 tc->117 (not last)
proc: THREAD_EXITED pid=1 tc->116 (not last)
proc: THREAD_EXITED pid=1 tc->115 (not last)
proc: THREAD_EXITED pid=1 tc->114 (not last)
proc: THREAD_EXITED pid=1 tc->113 (not last)
proc: THREAD_EXITED pid=1 tc->112 (not last)
proc: THREAD_EXITED pid=1 tc->111 (not last)
proc: THREAD_EXITED pid=1 tc->110 (not last)
proc: THREAD_EXITED pid=1 tc->109 (not last)
proc: THREAD_EXITED pid=1 tc->108 (not last)
proc: THREAD_EXITED pid=1 tc->107 (not last)
proc: THREAD_EXITED pid=1 tc->106 (not last)
proc: THREAD_EXITED pid=1 tc->105 (not last)
proc: THREAD_EXITED pid=1 tc->104 (not last)
proc: THREAD_EXITED pid=1 tc->103 (not last)
proc: THREAD_EXITED pid=1 tc->102 (not last)
proc: THREAD_EXITED pid=1 tc->101 (not last)
proc: THREAD_EXITED pid=1 tc->100 (not last)
proc: THREAD_EXITED pid=1 tc->99 (not last)
proc: THREAD_EXITED pid=1 tc->98 (not last)
proc: THREAD_EXITED pid=1 tc->97 (not last)
proc: THREAD_EXITED pid=1 tc->96 (not last)
proc: THREAD_EXITED pid=1 tc->95 (not last)
proc: THREAD_EXITED pid=1 tc->94 (not last)
proc: THREAD_EXITED pid=1 tc->93 (not last)
proc: THREAD_EXITED pid=1 tc->92 (not last)
proc: THREAD_EXITED pid=1 tc->91 (not last)
proc: THREAD_EXITED pid=1 tc->90 (not last)
proc: THREAD_EXITED pid=1 tc->89 (not last)
proc: THREAD_EXITED pid=1 tc->88 (not last)
proc: THREAD_EXITED pid=1 tc->87 (not last)
proc: THREAD_EXITED pid=1 tc->86 (not last)
proc: THREAD_EXITED pid=1 tc->85 (not last)
proc: THREAD_EXITED pid=1 tc->84 (not last)
proc: THREAD_EXITED pid=1 tc->83 (not last)
proc: THREAD_EXITED pid=1 tc->82 (not last)
proc: THREAD_EXITED pid=1 tc->81 (not last)
proc: THREAD_EXITED pid=1 tc->80 (not last)
proc: THREAD_EXITED pid=1 tc->79 (not last)
proc: THREAD_EXITED pid=1 tc->78 (not last)
proc: THREAD_EXITED pid=1 tc->77 (not last)
proc: THREAD_EXITED pid=1 tc->76 (not last)
proc: THREAD_EXITED pid=1 tc->75 (not last)
proc: THREAD_EXITED pid=1 tc->74 (not last)
proc: THREAD_EXITED pid=1 tc->73 (not last)
proc: THREAD_EXITED pid=1 tc->72 (not last)
proc: THREAD_EXITED pid=1 tc->71 (not last)
proc: THREAD_EXITED pid=1 tc->70 (not last)
proc: THREAD_EXITED pid=1 tc->69 (not last)
proc: THREAD_EXITED pid=1 tc->68 (not last)
proc: THREAD_EXITED pid=1 tc->67 (not last)
proc: THREAD_EXITED pid=1 tc->66 (not last)
proc: THREAD_EXITED pid=1 tc->65 (not last)
proc: THREAD_EXITED pid=1 tc->64 (not last)
proc: THREAD_EXITED pid=1 tc->63 (not last)
proc: THREAD_EXITED pid=1 tc->62 (not last)
proc: THREAD_EXITED pid=1 tc->61 (not last)
proc: THREAD_EXITED pid=1 tc->60 (not last)
proc: THREAD_EXITED pid=1 tc->59 (not last)
proc: THREAD_EXITED pid=1 tc->58 (not last)
proc: THREAD_EXITED pid=1 tc->57 (not last)
proc: THREAD_EXITED pid=1 tc->56 (not last)
proc: THREAD_EXITED pid=1 tc->55 (not last)
proc: THREAD_EXITED pid=1 tc->54 (not last)
proc: THREAD_EXITED pid=1 tc->53 (not last)
proc: THREAD_EXITED pid=1 tc->52 (not last)
proc: THREAD_EXITED pid=1 tc->51 (not last)
proc: THREAD_EXITED pid=1 tc->50 (not last)
proc: THREAD_EXITED pid=1 tc->49 (not last)
proc: THREAD_EXITED pid=1 tc->48 (not last)
proc: THREAD_EXITED pid=1 tc->47 (not last)
proc: THREAD_EXITED pid=1 tc->46 (not last)
proc: THREAD_EXITED pid=1 tc->45 (not last)
proc: THREAD_EXITED pid=1 tc->44 (not last)
proc: THREAD_EXITED pid=1 tc->43 (not last)
proc: THREAD_EXITED pid=1 tc->42 (not last)
proc: THREAD_EXITED pid=1 tc->41 (not last)
proc: THREAD_EXITED pid=1 tc->40 (not last)
proc: THREAD_EXITED pid=1 tc->39 (not last)
proc: THREAD_EXITED pid=1 tc->38 (not last)
proc: THREAD_EXITED pid=1 tc->37 (not last)
proc: THREAD_EXITED pid=1 tc->36 (not last)
proc: THREAD_EXITED pid=1 tc->35 (not last)
proc: THREAD_EXITED pid=1 tc->34 (not last)
proc: THREAD_EXITED pid=1 tc->33 (not last)
proc: THREAD_EXITED pid=1 tc->32 (not last)
proc: THREAD_EXITED pid=1 tc->31 (not last)
proc: THREAD_EXITED pid=1 tc->30 (not last)
proc: THREAD_EXITED pid=1 tc->29 (not last)
proc: THREAD_EXITED pid=1 tc->28 (not last)
proc: THREAD_EXITED pid=1 tc->27 (not last)
proc: THREAD_EXITED pid=1 tc->26 (not last)
proc: THREAD_EXITED pid=1 tc->25 (not last)
proc: THREAD_EXITED pid=1 tc->24 (not last)
proc: THREAD_EXITED pid=1 tc->23 (not last)
proc: THREAD_EXITED pid=1 tc->22 (not last)
proc: THREAD_EXITED pid=1 tc->21 (not last)
proc: THREAD_EXITED pid=1 tc->20 (not last)
proc: THREAD_EXITED pid=1 tc->19 (not last)
proc: THREAD_EXITED pid=1 tc->18 (not last)
proc: THREAD_EXITED pid=1 tc->17 (not last)
proc: THREAD_EXITED pid=1 tc->16 (not last)
proc: THREAD_EXITED pid=1 tc->15 (not last)
proc: THREAD_EXITED pid=1 tc->14 (not last)
proc: THREAD_EXITED pid=1 tc->13 (not last)
proc: THREAD_EXITED pid=1 tc->12 (not last)
proc: THREAD_EXITED pid=1 tc->11 (not last)
proc: THREAD_EXITED pid=1 tc->10 (not last)
proc: THREAD_EXITED pid=1 tc->9 (not last)
proc: THREAD_EXITED pid=1 tc->8 (not last)
proc: THREAD_EXITED pid=1 tc->7 (not last)
proc: THREAD_EXITED pid=1 tc->6 (not last)
proc: THREAD_EXITED pid=1 tc->5 (not last)
proc: THREAD_EXITED pid=1 tc->4 (not last)
proc: THREAD_EXITED pid=1 tc->3 (not last)
proc: THREAD_EXITED pid=1 tc->2 (not last)
proc: THREAD_EXITED pid=1 tc->1 (not last)
proc: THREAD_EXITED pid=1 tc->49 (not last)
proc: THREAD_EXITED pid=1 tc->48 (not last)
proc: THREAD_EXITED pid=1 tc->47 (not last)
proc: THREAD_EXITED pid=1 tc->46 (not last)
proc: THREAD_EXITED pid=1 tc->45 (not last)
proc: THREAD_EXITED pid=1 tc->44 (not last)
proc: THREAD_EXITED pid=1 tc->43 (not last)
proc: THREAD_EXITED pid=1 tc->42 (not last)
proc: THREAD_EXITED pid=1 tc->41 (not last)
proc: THREAD_EXITED pid=1 tc->40 (not last)
proc: THREAD_EXITED pid=1 tc->39 (not last)
proc: THREAD_EXITED pid=1 tc->38 (not last)
proc: THREAD_EXITED pid=1 tc->37 (not last)
proc: THREAD_EXITED pid=1 tc->36 (not last)
proc: THREAD_EXITED pid=1 tc->35 (not last)
proc: THREAD_EXITED pid=1 tc->34 (not last)
proc: THREAD_EXITED pid=1 tc->33 (not last)
proc: THREAD_EXITED pid=1 tc->32 (not last)
proc: THREAD_EXITED pid=1 tc->31 (not last)
proc: THREAD_EXITED pid=1 tc->30 (not last)
proc: THREAD_EXITED pid=1 tc->29 (not last)
proc: THREAD_EXITED pid=1 tc->28 (not last)
proc: THREAD_EXITED pid=1 tc->27 (not last)
proc: THREAD_EXITED pid=1 tc->26 (not last)
proc: THREAD_EXITED pid=1 tc->25 (not last)
proc: THREAD_EXITED pid=1 tc->24 (not last)
proc: THREAD_EXITED pid=1 tc->23 (not last)
proc: THREAD_EXITED pid=1 tc->22 (not last)
proc: THREAD_EXITED pid=1 tc->21 (not last)
proc: THREAD_EXITED pid=1 tc->20 (not last)
proc: THREAD_EXITED pid=1 tc->19 (not last)
proc: THREAD_EXITED pid=1 tc->18 (not last)
proc: THREAD_EXITED pid=1 tc->17 (not last)
proc: THREAD_EXITED pid=1 tc->16 (not last)
proc: THREAD_EXITED pid=1 tc->15 (not last)
proc: THREAD_EXITED pid=1 tc->14 (not last)
proc: THREAD_EXITED pid=1 tc->13 (not last)
proc: THREAD_EXITED pid=1 tc->12 (not last)
proc: THREAD_EXITED pid=1 tc->11 (not last)
proc: THREAD_EXITED pid=1 tc->10 (not last)
proc: THREAD_EXITED pid=1 tc->9 (not last)
proc: THREAD_EXITED pid=1 tc->8 (not last)
proc: THREAD_EXITED pid=1 tc->7 (not last)
proc: THREAD_EXITED pid=1 tc->6 (not last)
proc: THREAD_EXITED pid=1 tc->5 (not last)
proc: THREAD_EXITED pid=1 tc->4 (not last)
proc: THREAD_EXITED pid=1 tc->3 (not last)
proc: THREAD_EXITED pid=1 tc->2 (not last)
proc: THREAD_EXITED pid=1 tc->1 (not last)
proc: THREAD_EXITED pid=1 tc->23 (not last)
proc: THREAD_EXITED pid=1 tc->22 (not last)
proc: THREAD_EXITED pid=1 tc->21 (not last)
proc: THREAD_EXITED pid=1 tc->20 (not last)
proc: THREAD_EXITED pid=1 tc->19 (not last)
proc: THREAD_EXITED pid=1 tc->18 (not last)
proc: THREAD_EXITED pid=1 tc->17 (not last)
proc: THREAD_EXITED pid=1 tc->16 (not last)
proc: THREAD_EXITED pid=1 tc->15 (not last)
proc: THREAD_EXITED pid=1 tc->14 (not last)
proc: THREAD_EXITED pid=1 tc->13 (not last)
proc: THREAD_EXITED pid=1 tc->12 (not last)
proc: THREAD_EXITED pid=1 tc->11 (not last)
proc: THREAD_EXITED pid=1 tc->10 (not last)
proc: THREAD_EXITED pid=1 tc->9 (not last)
proc: THREAD_EXITED pid=1 tc->8 (not last)
proc: THREAD_EXITED pid=1 tc->7 (not last)
proc: THREAD_EXITED pid=1 tc->6 (not last)
proc: THREAD_EXITED pid=1 tc->5 (not last)
proc: THREAD_EXITED pid=1 tc->4 (not last)
proc: THREAD_EXITED pid=1 tc->3 (not last)
proc: THREAD_EXITED pid=1 tc->2 (not last)
proc: THREAD_EXITED pid=1 tc->1 (not last)
proc: THREAD_EXITED pid=1 tc->46 (not last)
proc: THREAD_EXITED pid=1 tc->45 (not last)
proc: THREAD_EXITED pid=1 tc->44 (not last)
proc: THREAD_EXITED pid=1 tc->43 (not last)
proc: THREAD_EXITED pid=1 tc->42 (not last)
proc: THREAD_EXITED pid=1 tc->41 (not last)
proc: THREAD_EXITED pid=1 tc->40 (not last)
proc: THREAD_EXITED pid=1 tc->39 (not last)
proc: THREAD_EXITED pid=1 tc->38 (not last)
proc: THREAD_EXITED pid=1 tc->37 (not last)
proc: THREAD_EXITED pid=1 tc->36 (not last)
proc: THREAD_EXITED pid=1 tc->35 (not last)
proc: THREAD_EXITED pid=1 tc->34 (not last)
proc: THREAD_EXITED pid=1 tc->33 (not last)
proc: THREAD_EXITED pid=1 tc->32 (not last)
proc: THREAD_EXITED pid=1 tc->31 (not last)
proc: THREAD_EXITED pid=1 tc->30 (not last)
proc: THREAD_EXITED pid=1 tc->29 (not last)
proc: THREAD_EXITED pid=1 tc->28 (not last)
proc: THREAD_EXITED pid=1 tc->27 (not last)
proc: THREAD_EXITED pid=1 tc->26 (not last)
proc: THREAD_EXITED pid=1 tc->25 (not last)
proc: THREAD_EXITED pid=1 tc->24 (not last)
proc: THREAD_EXITED pid=1 tc->23 (not last)
proc: THREAD_EXITED pid=1 tc->22 (not last)
proc: THREAD_EXITED pid=1 tc->21 (not last)
proc: THREAD_EXITED pid=1 tc->20 (not last)
proc: THREAD_EXITED pid=1 tc->19 (not last)
proc: THREAD_EXITED pid=1 tc->18 (not last)
proc: THREAD_EXITED pid=1 tc->17 (not last)
proc: THREAD_EXITED pid=1 tc->16 (not last)
proc: THREAD_EXITED pid=1 tc->15 (not last)
proc: THREAD_EXITED pid=1 tc->14 (not last)
proc: THREAD_EXITED pid=1 tc->13 (not last)
proc: THREAD_EXITED pid=1 tc->12 (not last)
proc: THREAD_EXITED pid=1 tc->11 (not last)
proc: THREAD_EXITED pid=1 tc->10 (not last)
proc: THREAD_EXITED pid=1 tc->9 (not last)
proc: THREAD_EXITED pid=1 tc->8 (not last)
proc: THREAD_EXITED pid=1 tc->7 (not last)
proc: THREAD_EXITED pid=1 tc->6 (not last)
proc: THREAD_EXITED pid=1 tc->5 (not last)
proc: THREAD_EXITED pid=1 tc->4 (not last)
proc: THREAD_EXITED pid=1 tc->3 (not last)
proc: THREAD_EXITED pid=1 tc->2 (not last)
proc: THREAD_EXITED pid=1 tc->1 (not last)
proc: THREAD_EXITED pid=1 tc->15 (not last)
proc: THREAD_EXITED pid=1 tc->14 (not last)
proc: THREAD_EXITED pid=1 tc->13 (not last)
proc: THREAD_EXITED pid=1 tc->12 (not last)
proc: THREAD_EXITED pid=1 tc->11 (not last)
proc: THREAD_EXITED pid=1 tc->10 (not last)
proc: THREAD_EXITED pid=1 tc->9 (not last)
proc: THREAD_EXITED pid=1 tc->8 (not last)
proc: THREAD_EXITED pid=1 tc->7 (not last)
proc: THREAD_EXITED pid=1 tc->6 (not last)
proc: THREAD_EXITED pid=1 tc->5 (not last)
proc: THREAD_EXITED pid=1 tc->4 (not last)
proc: THREAD_EXITED pid=1 tc->3 (not last)
proc: THREAD_EXITED pid=1 tc->2 (not last)
proc: THREAD_EXITED pid=1 tc->1 (not last)
(counter=1000) PASS
  TEST: stress: 100k IPC round-trips ... proc: THREAD_EXITED pid=1 tc->1 (not last)
(100000 calls, 10 ticks) PASS
=== Results: 31/31 passed ===

=== Init Protocol ===
  init: PID=1
  init: free memory=36890 pages (144 MB)
  init: IPC port=6
  init: register 'init' -> 0
  init: spawning worker thread...
  init: worker tid=1008
  worker[1]: started, PID=1
  worker[1]: free pages=36881
  worker[1]: done
proc: THREAD_EXITED pid=1 tc->1 (not last)
  init: system ready
=== Init Protocol Done ===
init: spawning service manager process...
init: fetched manager.elf blob (39896 bytes)
proc: CREATE name=manager entry=0x400000 segs=4
VMM: Created addr space, PML4 at 0x6fd0000, stack_base=0xff400000
proc: CREATE pid=2 name=manager slot=2 count=3
proc: CREATE name=serial entry=0x400000 segs=4
VMM: Created addr space, PML4 at 0x6ffa000, stack_base=0xa4000000
proc: CREATE pid=3 name=serial slot=3 count=4
serial: starting COM1 driver service
serial: caps OK (io_port=1)
serial: port 7 registered as 'serial'
serial: IRQ thread TID=1011
serial: serving on port 7
serial: IRQ thread started
serial: IRQ4 bound, RX FIFO drained on notification
init: service manager PID=2
init: idle loop
manager: serial service ready (port 7)
manager: running serial self-test
serial-test: connected to 'serial' port 7
SERIAL_SVC_OK
serial-test: WRITE ok - 14 bytes sent, marker 'SERIAL_SVC_OK'
serial-test: real-RX test - inject 'READ_PATH_OK' into COM1 now
serial-test: real RX - no bytes observed (none injected)
serial-test: PASS - serial service verified
manager: starting display services
proc: CREATE name=term entry=0x400000 segs=4
VMM: Created addr space, PML4 at 0x701d000, stack_base=0x9d000000
proc: CREATE pid=4 name=term slot=4 count=5
term: starting framebuffer terminal service
term: fb 1024x768 32bpp pitch=4096 (linear)
term: fb mapped at 0x40 (size=0x300000)
term: 113x38 cells
term: port 8 registered as 'term'
term: serving on port 8
term: perm.ui port 9 registered
manager: term started (PID=4)
proc: CREATE name=keyboard entry=0x400000 segs=4
VMM: Created addr space, PML4 at 0x704c000, stack_base=0xd5800000
proc: CREATE pid=5 name=keyboard slot=5 count=6
keyboard: starting PS/2 driver service
keyboard: caps OK (io_port=1)
keyboard: port 10 registered as 'keyboard'
keyboard: IRQ thread TID=1015
keyboard: serving on port 10
keyboard: IRQ thread started
mkeyboard: IRQ1 bound, PS/2 drain active
anager: keyboard started (PID=5)
manager: starting services
proc: CREATE name=flaky entry=0x400000 segs=4
VMM: Created addr space, PML4 at 0x706f000, stack_base=0xeec00000
proc: CREATE pid=6 name=flaky slot=6 count=7
manager: flaky started (PID=6)
proc: LAST_THREAD pid=6 code=7 waiting_tid=1009
proc: WAKE_WAITER pid=6 tid=1009 (waiter reaps)
proc: REAP pid=6 detached=1 count->6
manager: flaky exited (code 7), restart 1/3
proc: CREATE name=flaky entry=0x400000 segs=4
VMM: Created addr space, PML4 at 0x706f000, stack_base=0xf5c00000
proc: CREATE pid=7 name=flaky slot=6 count=7
manager: flaky started (PID=7)
proc: LAST_THREAD pid=7 code=7 waiting_tid=1009
proc: WAKE_WAITER pid=7 tid=1009 (waiter reaps)
proc: REAP pid=7 detached=1 count->6
manager: flaky exited (code 7), restart 2/3
proc: CREATE name=flaky entry=0x400000 segs=4
VMM: Created addr space, PML4 at 0x706f000, stack_base=0xe3000000
proc: CREATE pid=8 name=flaky slot=6 count=7
manager: flaky started (PID=8)
proc: LAST_THREAD pid=8 code=7 waiting_tid=1009
proc: WAKE_WAITER pid=8 tid=1009 (waiter reaps)
proc: REAP pid=8 detached=1 count->6
manager: flaky exited (code 7), restart 3/3
proc: CREATE name=flaky entry=0x400000 segs=4
VMM: Created addr space, PML4 at 0x706f000, stack_base=0xce400000
proc: CREATE pid=9 name=flaky slot=6 count=7
manager: flaky started (PID=9)
proc: LAST_THREAD pid=9 code=7 waiting_tid=1009
proc: WAKE_WAITER pid=9 tid=1009 (waiter reaps)
proc: REAP pid=9 detached=1 count->6
manager: flaky marked FAILED
manager: MANAGER_OK
manager: starting VFS services
proc: CREATE name=vfs entry=0x400000 segs=4
VMM: Created addr space, PML4 at 0x706f000, stack_base=0xb6c00000
proc: CREATE pid=10 name=vfs slot=6 count=7
vfs: starting VFS server
vfs: port 11 registered as 'vfs'
vfs: serving (2 mounts configured; A2 spawn framework reserved)
manager: vfs started (PID=10)
proc: CREATE name=fs_mem_driver entry=0x400000 segs=4
VMM: Created addr space, PML4 at 0x70cb000, stack_base=0xad400000
proc: CREATE pid=11 name=fs_mem_driver slot=7 count=8
fs_mem_driver: starting in-memory filesystem driver
mfs_mem_driver: System volume ready - 11 blob files on /Kernel
fs_mem_driver: Users volume ready - 32 MiB read-write
fs_mem_driver: port 12 registered as 'vfs.fs.mem'
fs_mem_driver: vfs_server port 11 resolved
vfs: volume 'System' mounted (driver 'mem', RO)
vfs: volume 'Users' mounted (driver 'mem', RW)
fs_mem_driver: volumes mounted (System RO, Users RW)
anager: fs_mem_driver started (PID=11)
manager: starting Powerbox
proc: CREATE name=perm entry=0x400000 segs=4
VMM: Created addr space, PML4 at 0x71b4000, stack_base=0xd9c00000
proc: CREATE pid=12 name=perm slot=8 count=9
perm: starting permission manager
perm: port 13 registered as 'perm'
perm: serving (grant table 64, query queue 16)
manager: perm started (PID=12)
manager: starting device manager
proc: CREATE name=device_mgr entry=0x400000 segs=4
VMM: Created addr space, PML4 at 0x71d4000, stack_base=0xefc00000
proc: CREATE pid=13 name=device_mgr slot=9 count=10
device_mgr: starting PCI device manager
device_mgr: 6 PCI devices
device_mgr: device 0 bus=0 dev=0 func=0 vendor=0x8086 device=0x1237 class=0x600 irq=0
device_mgr: port 14 registered as 'device_mgr'
device_mgr: serving on port 14
manager: device_mgr started (PID=13)
manager: starting shell
proc: CREATE name=shell entry=0x400000 segs=4
VMM: Created addr space, PML4 at 0x71ee000, stack_base=0xf1400000
